
> printpetz-frontend@0.1.0 build
> next build

   ▲ Next.js 15.5.5
   - Environments: .env

   Linting and checking validity of types ...

./src/components/pages/Create/components/ModelSelector/index.tsx
30:6  Warning: React Hook useEffect has missing dependencies: 'selectedModel' and 'setSelectedModel'. Either include them or remove the dependency array. If 'setSelectedModel' changes too often, find the parent component that defines it and wrap that definition in useCallback.  react-hooks/exhaustive-deps

./src/components/pages/Create/components/StyleSelector/components/StyleContent/index.tsx
61:6  Warning: React Hook useEffect has missing dependencies: 'selectedStyle' and 'setSelectedStyle'. Either include them or remove the dependency array. If 'setSelectedStyle' changes too often, find the parent component that defines it and wrap that definition in useCallback.  react-hooks/exhaustive-deps

./src/components/pages/History/index.tsx
59:44  Warning: 'index' is defined but never used.  @typescript-eslint/no-unused-vars

./src/components/pages/Pricing/index.tsx
5:17  Warning: 'useState' is defined but never used.  @typescript-eslint/no-unused-vars
8:7  Warning: 'HERO_IMG' is assigned a value but never used.  @typescript-eslint/no-unused-vars

./src/components/pages/shared/AutoSmartMokup/index.tsx
2:17  Warning: 'useEffect' is defined but never used.  @typescript-eslint/no-unused-vars
2:28  Warning: 'useRef' is defined but never used.  @typescript-eslint/no-unused-vars
10:76  Warning: 'width' is assigned a value but never used.  @typescript-eslint/no-unused-vars
11:10  Warning: 'area' is assigned a value but never used.  @typescript-eslint/no-unused-vars
11:16  Warning: 'setArea' is assigned a value but never used.  @typescript-eslint/no-unused-vars

./src/components/pages/shared/GenerationPreviewDialog/index.tsx
1:36  Warning: 'PrinterIcon' is defined but never used.  @typescript-eslint/no-unused-vars
12:8  Warning: 'AutoSmartMockup' is defined but never used.  @typescript-eslint/no-unused-vars

./src/components/pages/shared/Header/components/ProfileDrawer/components/ModelSection/index.tsx
30:31  Warning: 'i' is defined but never used.  @typescript-eslint/no-unused-vars

./src/components/pages/shared/Header/components/ProfileDrawer/components/ProfileSection/index.tsx
10:10  Warning: 'uploadFileToStorage' is defined but never used.  @typescript-eslint/no-unused-vars
47:6  Warning: React Hook useEffect has a missing dependency: 'reset'. Either include it or remove the dependency array.  react-hooks/exhaustive-deps

./src/components/shared/AuthHandler.tsx
23:21  Warning: 'isFetching' is assigned a value but never used.  @typescript-eslint/no-unused-vars
53:6  Warning: React Hook useEffect has missing dependencies: 'dispatch' and 'router'. Either include them or remove the dependency array.  react-hooks/exhaustive-deps
72:5  Warning: React Hook useCallback has a missing dependency: 'getUser'. Either include it or remove the dependency array.  react-hooks/exhaustive-deps

./src/components/shared/ToastProvider.tsx
19:11  Warning: 'type' is defined but never used.  @typescript-eslint/no-unused-vars
19:29  Warning: 'message' is defined but never used.  @typescript-eslint/no-unused-vars

./src/lib/validations/login.ts
2:10  Warning: 'number' is defined but never used.  @typescript-eslint/no-unused-vars

./src/pages/forgot-password.tsx
1:17  Warning: 'useState' is defined but never used.  @typescript-eslint/no-unused-vars

./src/pages/reset-password.tsx
50:6  Warning: React Hook useEffect has a missing dependency: 'reset'. Either include it or remove the dependency array.  react-hooks/exhaustive-deps

./src/pages/verification.tsx
98:6  Warning: React Hook useEffect has a missing dependency: 'handleSetOtp'. Either include it or remove the dependency array. If 'handleSetOtp' changes too often, find the parent component that defines it and wrap that definition in useCallback.  react-hooks/exhaustive-deps
102:6  Warning: React Hook useEffect has a missing dependency: 'otpBoxReference'. Either include it or remove the dependency array.  react-hooks/exhaustive-deps

./src/services/supabase/functions.ts
7:41  Warning: Unexpected any. Specify a different type.  @typescript-eslint/no-explicit-any

./src/store/api/baseApi.ts
55:14  Warning: 'error' is defined but never used.  @typescript-eslint/no-unused-vars

./src/types/common.ts
5:6  Warning: 'ObjectFit' is defined but never used.  @typescript-eslint/no-unused-vars

./src/types/generation.ts
21:10  Warning: Unexpected any. Specify a different type.  @typescript-eslint/no-explicit-any
30:10  Warning: Unexpected any. Specify a different type.  @typescript-eslint/no-explicit-any

./src/types/model.ts
16:10  Warning: Unexpected any. Specify a different type.  @typescript-eslint/no-explicit-any

info  - Need to disable some ESLint rules? Learn more here: https://nextjs.org/docs/app/api-reference/config/eslint#disabling-rules
   Creating an optimized production build ...
 ✓ Compiled successfully in 6.2s
   Collecting page data ...
(node:17156) Warning: To load an ES module, set "type": "module" in the package.json or use the .mjs extension.
(Use `node --trace-warnings ...` to show where the warning was created)
(node:21716) Warning: To load an ES module, set "type": "module" in the package.json or use the .mjs extension.
(Use `node --trace-warnings ...` to show where the warning was created)
(node:17156) [DEP0040] DeprecationWarning: The `punycode` module is deprecated. Please use a userland alternative instead.
(node:21716) [DEP0040] DeprecationWarning: The `punycode` module is deprecated. Please use a userland alternative instead.
(node:15432) Warning: To load an ES module, set "type": "module" in the package.json or use the .mjs extension.
(Use `node --trace-warnings ...` to show where the warning was created)
(node:15432) [DEP0040] DeprecationWarning: The `punycode` module is deprecated. Please use a userland alternative instead.
unhandledRejection [SyntaxError: Cannot use import statement outside a module] {
  type: 'SyntaxError'
}
